 
Fetch Mass Command: /usr/local/bin/yt-dlp --flat-playlist --playlist-items 1-3 --print "%(title)s$%(webpage_url)s$%(duration_string)s" "https://www.youtube.com/@DailyTVMass" | grep "August 11" | head -n 1
WARNING: Your yt-dlp version (2026.03.17) is older than 90 days!
         It is strongly recommended to always use the latest version.
         Run "yt-dlp --update" or "yt-dlp -U" to update.
         To suppress this warning, add --no-update to your command/config.
WARNING: [youtube:tab] <urllib3.connection.HTTPSConnection object at 0x7fb003e7b0>: Failed to resolve 'www.youtube.com' ([Errno -2] Name or service not known). Retrying (1/3)...
WARNING: [youtube:tab] <urllib3.connection.HTTPSConnection object at 0x7fb0043750>: Failed to resolve 'www.youtube.com' ([Errno -2] Name or service not known). Retrying (2/3)...
WARNING: [youtube:tab] <urllib3.connection.HTTPSConnection object at 0x7faffcc050>: Failed to resolve 'www.youtube.com' ([Errno -2] Name or service not known). Retrying (3/3)...
WARNING: [youtube:tab] Unable to download webpage: <urllib3.connection.HTTPSConnection object at 0x7faffcc550>: Failed to resolve 'www.youtube.com' ([Errno -2] Name or service not known) (caused by TransportError("<urllib3.connection.HTTPSConnection object at 0x7faffcc550>: Failed to resolve 'www.youtube.com' ([Errno -2] Name or service not known)")). Giving up after 3 retries
WARNING: [youtube:tab] <urllib3.connection.HTTPSConnection object at 0x7fb0043c50>: Failed to resolve 'www.youtube.com' ([Errno -2] Name or service not known). Retrying (1/3)...
WARNING: [youtube:tab] <urllib3.connection.HTTPSConnection object at 0x7fb0043b10>: Failed to resolve 'www.youtube.com' ([Errno -2] Name or service not known). Retrying (2/3)...
WARNING: [youtube:tab] <urllib3.connection.HTTPSConnection object at 0x7fb00434d0>: Failed to resolve 'www.youtube.com' ([Errno -2] Name or service not known). Retrying (3/3)...
ERROR: [youtube:tab] @DailyTVMass: Unable to download API page: <urllib3.connection.HTTPSConnection object at 0x7fb0043890>: Failed to resolve 'www.youtube.com' ([Errno -2] Name or service not known) (caused by TransportError("<urllib3.connection.HTTPSConnection object at 0x7fb0043890>: Failed to resolve 'www.youtube.com' ([Errno -2] Name or service not known)"))
!!!!!!!!!!!!! No Mass video found for date: August 11 !!!!!!!!!!!!!!
WARNING: Your yt-dlp version (2026.03.17) is older than 90 days!
         It is strongly recommended to always use the latest version.
         Run "yt-dlp --update" or "yt-dlp -U" to update.
         To suppress this warning, add --no-update to your command/config.
WARNING: [youtube:tab] <urllib3.connection.HTTPSConnection object at 0x7faaafa7b0>: Failed to resolve 'www.youtube.com' ([Errno -2] Name or service not known). Retrying (1/3)...
WARNING: [youtube:tab] <urllib3.connection.HTTPSConnection object at 0x7faaae3750>: Failed to resolve 'www.youtube.com' ([Errno -2] Name or service not known). Retrying (2/3)...
WARNING: [youtube:tab] <urllib3.connection.HTTPSConnection object at 0x7faab8c050>: Failed to resolve 'www.youtube.com' ([Errno -2] Name or service not known). Retrying (3/3)...
WARNING: [youtube:tab] Unable to download webpage: <urllib3.connection.HTTPSConnection object at 0x7faab8c550>: Failed to resolve 'www.youtube.com' ([Errno -2] Name or service not known) (caused by TransportError("<urllib3.connection.HTTPSConnection object at 0x7faab8c550>: Failed to resolve 'www.youtube.com' ([Errno -2] Name or service not known)")). Giving up after 3 retries
WARNING: [youtube:tab] <urllib3.connection.HTTPSConnection object at 0x7faaae3c50>: Failed to resolve 'www.youtube.com' ([Errno -2] Name or service not known). Retrying (1/3)...
WARNING: [youtube:tab] <urllib3.connection.HTTPSConnection object at 0x7faaae3b10>: Failed to resolve 'www.youtube.com' ([Errno -2] Name or service not known). Retrying (2/3)...
WARNING: [youtube:tab] <urllib3.connection.HTTPSConnection object at 0x7faaae34d0>: Failed to resolve 'www.youtube.com' ([Errno -2] Name or service not known). Retrying (3/3)...
ERROR: [youtube:tab] @DailyTVMass: Unable to download API page: <urllib3.connection.HTTPSConnection object at 0x7faaae3890>: Failed to resolve 'www.youtube.com' ([Errno -2] Name or service not known) (caused by TransportError("<urllib3.connection.HTTPSConnection object at 0x7faaae3890>: Failed to resolve 'www.youtube.com' ([Errno -2] Name or service not known)"))

