 
Attempting to connect to 6C:5A:B5:E0:9D:2B
[[0;93mCHG[0m] Device 6C:5A:B5:E0:9D:2B Connected: yes
[[0;92mNEW[0m] Endpoint /org/bluez/hci0/dev_6C_5A_B5_E0_9D_2B/sep1 
[[0;92mNEW[0m] Transport /org/bluez/hci0/dev_6C_5A_B5_E0_9D_2B/sep1/fd8 
Connection successful
volume:  1%   repeat: off   random: on    single: off   consume: off
loading: Leonore
OSDISK/100Nostalgic/0013 Sealed With A Kiss.mp3
[playing] #13/109   0:00/2:44 (0%)
volume:  1%   repeat: off   random: on    single: off   consume: off
Alarm --==--==--==--===: Wed Aug 26 04:50:13 PM IST 2026
OSDISK/100Nostalgic/0013 Sealed With A Kiss.mp3
[playing] #13/109   0:00/2:44 (0%)
volume: 10%   repeat: off   random: on    single: off   consume: off
Current system time is: Wed Aug 26 04:50:13 PM IST 2026
OSDISK/100Nostalgic/0013 Sealed With A Kiss.mp3
[playing] #13/109   0:00/2:44 (0%)
volume: 15%   repeat: off   random: on    single: off   consume: off
OSDISK/100Nostalgic/0013 Sealed With A Kiss.mp3
[playing] #13/109   0:14/2:44 (8%)
volume: 20%   repeat: off   random: on    single: off   consume: off
OSDISK/100Nostalgic/0013 Sealed With A Kiss.mp3
[playing] #13/109   0:28/2:44 (17%)
volume: 25%   repeat: off   random: on    single: off   consume: off
OSDISK/100Nostalgic/0013 Sealed With A Kiss.mp3
[playing] #13/109   0:42/2:44 (25%)
volume: 30%   repeat: off   random: on    single: off   consume: off
OSDISK/100Nostalgic/0013 Sealed With A Kiss.mp3
[playing] #13/109   0:56/2:44 (34%)
volume: 35%   repeat: off   random: on    single: off   consume: off
OSDISK/100Nostalgic/0013 Sealed With A Kiss.mp3
[playing] #13/109   1:10/2:44 (42%)
volume: 40%   repeat: off   random: on    single: off   consume: off
OSDISK/100Nostalgic/0013 Sealed With A Kiss.mp3
[playing] #13/109   1:24/2:44 (51%)
volume: 45%   repeat: off   random: on    single: off   consume: off
OSDISK/100Nostalgic/0013 Sealed With A Kiss.mp3
[playing] #13/109   1:38/2:44 (59%)
volume: 50%   repeat: off   random: on    single: off   consume: off
OSDISK/100Nostalgic/0013 Sealed With A Kiss.mp3
[playing] #13/109   1:52/2:44 (68%)
volume: 55%   repeat: off   random: on    single: off   consume: off
OSDISK/100Nostalgic/0013 Sealed With A Kiss.mp3
[playing] #13/109   2:06/2:44 (76%)
volume: 60%   repeat: off   random: on    single: off   consume: off
OSDISK/100Nostalgic/0013 Sealed With A Kiss.mp3
[playing] #13/109   2:20/2:44 (85%)
volume: 65%   repeat: off   random: on    single: off   consume: off
OSDISK/100Nostalgic/0013 Sealed With A Kiss.mp3
[playing] #13/109   2:34/2:44 (93%)
volume: 70%   repeat: off   random: on    single: off   consume: off
OSDISK/100Nostalgic/0100 See You Later, Alligator.mp3
[playing] #100/109   0:04/2:43 (2%)
volume: 75%   repeat: off   random: on    single: off   consume: off
volume: 75%   repeat: off   random: on    single: off   consume: off
Attempting to disconnect from 6C:5A:B5:E0:9D:2B
[[0;93mCHG[0m] Transport /org/bluez/hci0/dev_6C_5A_B5_E0_9D_2B/sep1/fd8 State: idle
[[0;91mDEL[0m] Transport /org/bluez/hci0/dev_6C_5A_B5_E0_9D_2B/sep1/fd8 
[[0;91mDEL[0m] Endpoint /org/bluez/hci0/dev_6C_5A_B5_E0_9D_2B/sep1 
[[0;93mCHG[0m] Device 6C:5A:B5:E0:9D:2B ServicesResolved: no
[[0;93mCHG[0m] Device 6C:5A:B5:E0:9D:2B Connected: no
Disconnection successful
